main.c:69:6:check_btns	8	static
main.c:88:10:get_timer2_count	0	static
main.c:97:6:set_led_1	0	static
main.c:105:6:set_led_2	0	static
main.c:113:6:set_led_3	0	static
main.c:121:6:set_led_4	0	static
main.c:133:6:shiftOut	32	static
main.c:201:6:SystemClock_Config	104	static,ignoring_inline_asm
main.c:147:5:main	64	static,ignoring_inline_asm
main.c:427:6:function_one	0	static
main.c:438:6:function_two	0	static
main.c:471:6:function_three	0	static
main.c:483:6:Error_Handler	0	static,ignoring_inline_asm
